{"type":"server-started","port":61063,"host":"127.0.0.1","url_host":"localhost","url":"http://localhost:61063","screen_dir":"/Users/vedantmadne/Desktop/deepas-project/deepas-vision/.superpowers/brainstorm/82090-1778128294/content","state_dir":"/Users/vedantmadne/Desktop/deepas-project/deepas-vision/.superpowers/brainstorm/82090-1778128294/state"}
{"type":"screen-added","file":"/Users/vedantmadne/Desktop/deepas-project/deepas-vision/.superpowers/brainstorm/82090-1778128294/content/welcome.html"}
{"type":"screen-updated","file":"/Users/vedantmadne/Desktop/deepas-project/deepas-vision/.superpowers/brainstorm/82090-1778128294/content/welcome.html"}
{"type":"screen-updated","file":"/Users/vedantmadne/Desktop/deepas-project/deepas-vision/.superpowers/brainstorm/82090-1778128294/content/welcome.html"}
{"type":"screen-updated","file":"/Users/vedantmadne/Desktop/deepas-project/deepas-vision/.superpowers/brainstorm/82090-1778128294/content/welcome.html"}
{"type":"screen-updated","file":"/Users/vedantmadne/Desktop/deepas-project/deepas-vision/.superpowers/brainstorm/82090-1778128294/content/welcome.html"}
{"type":"screen-added","file":"/Users/vedantmadne/Desktop/deepas-project/deepas-vision/.superpowers/brainstorm/82090-1778128294/content/chart-corrected.html"}
{"type":"screen-updated","file":"/Users/vedantmadne/Desktop/deepas-project/deepas-vision/.superpowers/brainstorm/82090-1778128294/content/chart-corrected.html"}
{"type":"screen-updated","file":"/Users/vedantmadne/Desktop/deepas-project/deepas-vision/.superpowers/brainstorm/82090-1778128294/content/chart-corrected.html"}
{"type":"screen-updated","file":"/Users/vedantmadne/Desktop/deepas-project/deepas-vision/.superpowers/brainstorm/82090-1778128294/content/chart-corrected.html"}
{"type":"screen-updated","file":"/Users/vedantmadne/Desktop/deepas-project/deepas-vision/.superpowers/brainstorm/82090-1778128294/content/chart-corrected.html"}
{"type":"screen-added","file":"/Users/vedantmadne/Desktop/deepas-project/deepas-vision/.superpowers/brainstorm/82090-1778128294/content/waiting-1.html"}
{"type":"screen-updated","file":"/Users/vedantmadne/Desktop/deepas-project/deepas-vision/.superpowers/brainstorm/82090-1778128294/content/waiting-1.html"}
{"type":"screen-updated","file":"/Users/vedantmadne/Desktop/deepas-project/deepas-vision/.superpowers/brainstorm/82090-1778128294/content/waiting-1.html"}
{"type":"screen-updated","file":"/Users/vedantmadne/Desktop/deepas-project/deepas-vision/.superpowers/brainstorm/82090-1778128294/content/waiting-1.html"}
{"type":"screen-updated","file":"/Users/vedantmadne/Desktop/deepas-project/deepas-vision/.superpowers/brainstorm/82090-1778128294/content/waiting-1.html"}
{"type":"screen-added","file":"/Users/vedantmadne/Desktop/deepas-project/deepas-vision/.superpowers/brainstorm/82090-1778128294/content/ui-layout.html"}
{"type":"screen-updated","file":"/Users/vedantmadne/Desktop/deepas-project/deepas-vision/.superpowers/brainstorm/82090-1778128294/content/ui-layout.html"}
{"type":"screen-updated","file":"/Users/vedantmadne/Desktop/deepas-project/deepas-vision/.superpowers/brainstorm/82090-1778128294/content/ui-layout.html"}
{"type":"screen-updated","file":"/Users/vedantmadne/Desktop/deepas-project/deepas-vision/.superpowers/brainstorm/82090-1778128294/content/ui-layout.html"}
{"type":"screen-updated","file":"/Users/vedantmadne/Desktop/deepas-project/deepas-vision/.superpowers/brainstorm/82090-1778128294/content/ui-layout.html"}
{"type":"screen-added","file":"/Users/vedantmadne/Desktop/deepas-project/deepas-vision/.superpowers/brainstorm/82090-1778128294/content/waiting-2.html"}
{"type":"screen-updated","file":"/Users/vedantmadne/Desktop/deepas-project/deepas-vision/.superpowers/brainstorm/82090-1778128294/content/waiting-2.html"}
{"type":"screen-updated","file":"/Users/vedantmadne/Desktop/deepas-project/deepas-vision/.superpowers/brainstorm/82090-1778128294/content/waiting-2.html"}
{"type":"screen-updated","file":"/Users/vedantmadne/Desktop/deepas-project/deepas-vision/.superpowers/brainstorm/82090-1778128294/content/waiting-2.html"}
{"type":"screen-updated","file":"/Users/vedantmadne/Desktop/deepas-project/deepas-vision/.superpowers/brainstorm/82090-1778128294/content/waiting-2.html"}
{"type":"server-stopped","reason":"idle timeout"}
