{"type":"server-started","port":54169,"host":"127.0.0.1","url_host":"localhost","url":"http://localhost:54169","screen_dir":"/Users/vedantmadne/Desktop/deepas-project/deepas-vision/.superpowers/brainstorm/50056-1778222837/content","state_dir":"/Users/vedantmadne/Desktop/deepas-project/deepas-vision/.superpowers/brainstorm/50056-1778222837/state"}
{"type":"screen-added","file":"/Users/vedantmadne/Desktop/deepas-project/deepas-vision/.superpowers/brainstorm/50056-1778222837/content/visual-direction.html"}
{"type":"screen-updated","file":"/Users/vedantmadne/Desktop/deepas-project/deepas-vision/.superpowers/brainstorm/50056-1778222837/content/visual-direction.html"}
{"type":"screen-updated","file":"/Users/vedantmadne/Desktop/deepas-project/deepas-vision/.superpowers/brainstorm/50056-1778222837/content/visual-direction.html"}
{"type":"screen-updated","file":"/Users/vedantmadne/Desktop/deepas-project/deepas-vision/.superpowers/brainstorm/50056-1778222837/content/visual-direction.html"}
{"source":"user-event","type":"click","text":"✦ Free Kundli Generator ✦\n        Sidereal Vedic chart · Lahiri Ayanamsa\n      \n      \n        \n          BIRTH DETAILS\n          \n          \n          \n          \n            GENERATE\n          \n        \n        \n          \n            \n              ♈\n            \n          \n        \n      \n    \n    \n      Sacred / Temple\n      Deep burgundy + gold. Ornate borders, Sanskrit-inspired details. Feels like an ancient text brought to life. Rich and ceremonial.","choice":"sacred","id":null,"timestamp":1778222894118}
{"type":"screen-updated","file":"/Users/vedantmadne/Desktop/deepas-project/deepas-vision/.superpowers/brainstorm/50056-1778222837/content/visual-direction.html"}
{"source":"user-event","type":"click","text":"✦ Free Kundli Generator ✦\n        Sidereal Vedic chart · Lahiri Ayanamsa\n      \n      \n        \n          BIRTH DETAILS\n          \n          \n          \n          \n            GENERATE\n          \n        \n        \n          \n            \n              ♈\n            \n          \n        \n      \n    \n    \n      Sacred / Temple\n      Deep burgundy + gold. Ornate borders, Sanskrit-inspired details. Feels like an ancient text brought to life. Rich and ceremonial.","choice":"sacred","id":null,"timestamp":1778222905662}
{"type":"screen-added","file":"/Users/vedantmadne/Desktop/deepas-project/deepas-vision/.superpowers/brainstorm/50056-1778222837/content/layout-options.html"}
{"type":"screen-updated","file":"/Users/vedantmadne/Desktop/deepas-project/deepas-vision/.superpowers/brainstorm/50056-1778222837/content/layout-options.html"}
{"type":"screen-updated","file":"/Users/vedantmadne/Desktop/deepas-project/deepas-vision/.superpowers/brainstorm/50056-1778222837/content/layout-options.html"}
{"type":"screen-updated","file":"/Users/vedantmadne/Desktop/deepas-project/deepas-vision/.superpowers/brainstorm/50056-1778222837/content/layout-options.html"}
{"type":"screen-updated","file":"/Users/vedantmadne/Desktop/deepas-project/deepas-vision/.superpowers/brainstorm/50056-1778222837/content/layout-options.html"}
{"source":"user-event","type":"click","text":"✦ FREE KUNDLI GENERATOR ✦\n          Sidereal · Lahiri Ayanamsa · North Indian\n        \n        Sign out\n      \n      \n      \n        \n        \n          — BIRTH DETAILS —\n          \n          \n          \n          \n          \n            GENERATE KUNDLI\n          \n        \n        \n        \n          \n            \n              ♈\n            \n          \n        \n      \n    \n    \n      A — Fixed Sidebar\n      Form stays on the left at all times. Chart and planet table appear on the right. Always accessible to re-generate.","choice":"sidebar","id":null,"timestamp":1778223099342}
{"type":"screen-added","file":"/Users/vedantmadne/Desktop/deepas-project/deepas-vision/.superpowers/brainstorm/50056-1778222837/content/full-mockup.html"}
{"type":"screen-updated","file":"/Users/vedantmadne/Desktop/deepas-project/deepas-vision/.superpowers/brainstorm/50056-1778222837/content/full-mockup.html"}
{"type":"screen-updated","file":"/Users/vedantmadne/Desktop/deepas-project/deepas-vision/.superpowers/brainstorm/50056-1778222837/content/full-mockup.html"}
{"type":"screen-updated","file":"/Users/vedantmadne/Desktop/deepas-project/deepas-vision/.superpowers/brainstorm/50056-1778222837/content/full-mockup.html"}
{"type":"screen-updated","file":"/Users/vedantmadne/Desktop/deepas-project/deepas-vision/.superpowers/brainstorm/50056-1778222837/content/full-mockup.html"}
{"type":"server-stopped","reason":"idle timeout"}
